Archive member included to satisfy reference by file (symbol)

c:/st/stm32cubeide_1.7.0/stm32cubeide/plugins/com.st.stm32cube.ide.mcu.externaltools.gnu-tools-for-stm32.9-2020-q2-update.win32_2.0.0.202105311346/tools/bin/../lib/gcc/arm-none-eabi/9.3.1/../../../../arm-none-eabi/lib/thumb/v7e-m+fp/hard\libc_nano.a(lib_a-errno.o)
                              ./Core/syscalls.o (__errno)
c:/st/stm32cubeide_1.7.0/stm32cubeide/plugins/com.st.stm32cube.ide.mcu.externaltools.gnu-tools-for-stm32.9-2020-q2-update.win32_2.0.0.202105311346/tools/bin/../lib/gcc/arm-none-eabi/9.3.1/../../../../arm-none-eabi/lib/thumb/v7e-m+fp/hard\libc_nano.a(lib_a-exit.o)
                              c:/st/stm32cubeide_1.7.0/stm32cubeide/plugins/com.st.stm32cube.ide.mcu.externaltools.gnu-tools-for-stm32.9-2020-q2-update.win32_2.0.0.202105311346/tools/bin/../lib/gcc/arm-none-eabi/9.3.1/../../../../arm-none-eabi/lib/thumb/v7e-m+fp/hard/crt0.o (exit)
c:/st/stm32cubeide_1.7.0/stm32cubeide/plugins/com.st.stm32cube.ide.mcu.externaltools.gnu-tools-for-stm32.9-2020-q2-update.win32_2.0.0.202105311346/tools/bin/../lib/gcc/arm-none-eabi/9.3.1/../../../../arm-none-eabi/lib/thumb/v7e-m+fp/hard\libc_nano.a(lib_a-impure.o)
                              c:/st/stm32cubeide_1.7.0/stm32cubeide/plugins/com.st.stm32cube.ide.mcu.externaltools.gnu-tools-for-stm32.9-2020-q2-update.win32_2.0.0.202105311346/tools/bin/../lib/gcc/arm-none-eabi/9.3.1/../../../../arm-none-eabi/lib/thumb/v7e-m+fp/hard\libc_nano.a(lib_a-exit.o) (_global_impure_ptr)
c:/st/stm32cubeide_1.7.0/stm32cubeide/plugins/com.st.stm32cube.ide.mcu.externaltools.gnu-tools-for-stm32.9-2020-q2-update.win32_2.0.0.202105311346/tools/bin/../lib/gcc/arm-none-eabi/9.3.1/../../../../arm-none-eabi/lib/thumb/v7e-m+fp/hard\libc_nano.a(lib_a-init.o)
                              c:/st/stm32cubeide_1.7.0/stm32cubeide/plugins/com.st.stm32cube.ide.mcu.externaltools.gnu-tools-for-stm32.9-2020-q2-update.win32_2.0.0.202105311346/tools/bin/../lib/gcc/arm-none-eabi/9.3.1/../../../../arm-none-eabi/lib/thumb/v7e-m+fp/hard/crt0.o (__libc_init_array)
c:/st/stm32cubeide_1.7.0/stm32cubeide/plugins/com.st.stm32cube.ide.mcu.externaltools.gnu-tools-for-stm32.9-2020-q2-update.win32_2.0.0.202105311346/tools/bin/../lib/gcc/arm-none-eabi/9.3.1/../../../../arm-none-eabi/lib/thumb/v7e-m+fp/hard\libc_nano.a(lib_a-memset.o)
                              c:/st/stm32cubeide_1.7.0/stm32cubeide/plugins/com.st.stm32cube.ide.mcu.externaltools.gnu-tools-for-stm32.9-2020-q2-update.win32_2.0.0.202105311346/tools/bin/../lib/gcc/arm-none-eabi/9.3.1/../../../../arm-none-eabi/lib/thumb/v7e-m+fp/hard/crt0.o (memset)
c:/st/stm32cubeide_1.7.0/stm32cubeide/plugins/com.st.stm32cube.ide.mcu.externaltools.gnu-tools-for-stm32.9-2020-q2-update.win32_2.0.0.202105311346/tools/bin/../lib/gcc/arm-none-eabi/9.3.1/thumb/v7e-m+fp/hard\libgcc.a(_aeabi_uldivmod.o)
                              ./Drivers/STM32F4xx_HAL_Driver/Src/stm32f4xx_hal_rcc.o (__aeabi_uldivmod)
c:/st/stm32cubeide_1.7.0/stm32cubeide/plugins/com.st.stm32cube.ide.mcu.externaltools.gnu-tools-for-stm32.9-2020-q2-update.win32_2.0.0.202105311346/tools/bin/../lib/gcc/arm-none-eabi/9.3.1/thumb/v7e-m+fp/hard\libgcc.a(_udivmoddi4.o)
                              c:/st/stm32cubeide_1.7.0/stm32cubeide/plugins/com.st.stm32cube.ide.mcu.externaltools.gnu-tools-for-stm32.9-2020-q2-update.win32_2.0.0.202105311346/tools/bin/../lib/gcc/arm-none-eabi/9.3.1/thumb/v7e-m+fp/hard\libgcc.a(_aeabi_uldivmod.o) (__udivmoddi4)
c:/st/stm32cubeide_1.7.0/stm32cubeide/plugins/com.st.stm32cube.ide.mcu.externaltools.gnu-tools-for-stm32.9-2020-q2-update.win32_2.0.0.202105311346/tools/bin/../lib/gcc/arm-none-eabi/9.3.1/thumb/v7e-m+fp/hard\libgcc.a(_dvmd_tls.o)
                              c:/st/stm32cubeide_1.7.0/stm32cubeide/plugins/com.st.stm32cube.ide.mcu.externaltools.gnu-tools-for-stm32.9-2020-q2-update.win32_2.0.0.202105311346/tools/bin/../lib/gcc/arm-none-eabi/9.3.1/thumb/v7e-m+fp/hard\libgcc.a(_aeabi_uldivmod.o) (__aeabi_ldiv0)

Allocating common symbols
Common symbol       size              file

uwTick              0x4               ./Drivers/STM32F4xx_HAL_Driver/Src/stm32f4xx_hal.o
pFlash              0x20              ./Drivers/STM32F4xx_HAL_Driver/Src/stm32f4xx_hal_flash.o

Discarded input sections

 .text          0x0000000000000000        0x0 c:/st/stm32cubeide_1.7.0/stm32cubeide/plugins/com.st.stm32cube.ide.mcu.externaltools.gnu-tools-for-stm32.9-2020-q2-update.win32_2.0.0.202105311346/tools/bin/../lib/gcc/arm-none-eabi/9.3.1/thumb/v7e-m+fp/hard/crti.o
 .data          0x0000000000000000        0x0 c:/st/stm32cubeide_1.7.0/stm32cubeide/plugins/com.st.stm32cube.ide.mcu.externaltools.gnu-tools-for-stm32.9-2020-q2-update.win32_2.0.0.202105311346/tools/bin/../lib/gcc/arm-none-eabi/9.3.1/thumb/v7e-m+fp/hard/crti.o
[...]
Memory Configuration

Name             Origin             Length             Attributes
CCMRAM           0x0000000010000000 0x0000000000010000 xrw
RAM              0x0000000020000000 0x0000000000030000 xrw
FLASH            0x0000000008000000 0x0000000000200000 xr
*default*        0x0000000000000000 0xffffffffffffffff

Linker script and memory map

LOAD c:/st/stm32cubeide_1.7.0/stm32cubeide/plugins/com.st.stm32cube.ide.mcu.externaltools.gnu-tools-for-stm32.9-2020-q2-update.win32_2.0.0.202105311346/tools/bin/../lib/gcc/arm-none-eabi/9.3.1/thumb/v7e-m+fp/hard/crti.o
LOAD c:/st/stm32cubeide_1.7.0/stm32cubeide/plugins/com.st.stm32cube.ide.mcu.externaltools.gnu-tools-for-stm32.9-2020-q2-update.win32_2.0.0.202105311346/tools/bin/../lib/gcc/arm-none-eabi/9.3.1/thumb/v7e-m+fp/hard/crtbegin.o
LOAD c:/st/stm32cubeide_1.7.0/stm32cubeide/plugins/com.st.stm32cube.ide.mcu.externaltools.gnu-tools-for-stm32.9-2020-q2-update.win32_2.0.0.202105311346/tools/bin/../lib/gcc/arm-none-eabi/9.3.1/../../../../arm-none-eabi/lib/thumb/v7e-m+fp/hard/crt0.o
LOAD ./Core/Startup/startup_stm32f429zitx.o
LOAD ./Core/boot.o
LOAD ./Core/handlers.o
LOAD ./Core/main.o
LOAD ./Core/syscalls.o
LOAD ./Core/sysmem.o
LOAD ./Core/system_stm32f4xx.o
LOAD ./Drivers/STM32F4xx_HAL_Driver/Src/Legacy/stm32f4xx_hal_can.o
LOAD ./Drivers/STM32F4xx_HAL_Driver/Src/stm32f4xx_hal.o
LOAD ./Drivers/STM32F4xx_HAL_Driver/Src/stm32f4xx_hal_adc.o
LOAD ./Drivers/STM32F4xx_HAL_Driver/Src/stm32f4xx_hal_adc_ex.o
LOAD ./Drivers/STM32F4xx_HAL_Driver/Src/stm32f4xx_hal_can.o
LOAD ./Drivers/STM32F4xx_HAL_Driver/Src/stm32f4xx_hal_cec.o
LOAD ./Drivers/STM32F4xx_HAL_Driver/Src/stm32f4xx_hal_cortex.o
LOAD ./Drivers/STM32F4xx_HAL_Driver/Src/stm32f4xx_hal_crc.o
LOAD ./Drivers/STM32F4xx_HAL_Driver/Src/stm32f4xx_hal_cryp.o
LOAD ./Drivers/STM32F4xx_HAL_Driver/Src/stm32f4xx_hal_cryp_ex.o
LOAD ./Drivers/STM32F4xx_HAL_Driver/Src/stm32f4xx_hal_dac.o
LOAD ./Drivers/STM32F4xx_HAL_Driver/Src/stm32f4xx_hal_dac_ex.o
LOAD ./Drivers/STM32F4xx_HAL_Driver/Src/stm32f4xx_hal_dcmi.o
LOAD ./Drivers/STM32F4xx_HAL_Driver/Src/stm32f4xx_hal_dcmi_ex.o
LOAD ./Drivers/STM32F4xx_HAL_Driver/Src/stm32f4xx_hal_dfsdm.o
LOAD ./Drivers/STM32F4xx_HAL_Driver/Src/stm32f4xx_hal_dma.o
LOAD ./Drivers/STM32F4xx_HAL_Driver/Src/stm32f4xx_hal_dma2d.o
LOAD ./Drivers/STM32F4xx_HAL_Driver/Src/stm32f4xx_hal_dma_ex.o
LOAD ./Drivers/STM32F4xx_HAL_Driver/Src/stm32f4xx_hal_dsi.o
LOAD ./Drivers/STM32F4xx_HAL_Driver/Src/stm32f4xx_hal_eth.o
LOAD ./Drivers/STM32F4xx_HAL_Driver/Src/stm32f4xx_hal_exti.o
LOAD ./Drivers/STM32F4xx_HAL_Driver/Src/stm32f4xx_hal_flash.o
LOAD ./Drivers/STM32F4xx_HAL_Driver/Src/stm32f4xx_hal_flash_ex.o
LOAD ./Drivers/STM32F4xx_HAL_Driver/Src/stm32f4xx_hal_flash_ramfunc.o
LOAD ./Drivers/STM32F4xx_HAL_Driver/Src/stm32f4xx_hal_fmpi2c.o
LOAD ./Drivers/STM32F4xx_HAL_Driver/Src/stm32f4xx_hal_fmpi2c_ex.o
LOAD ./Drivers/STM32F4xx_HAL_Driver/Src/stm32f4xx_hal_fmpsmbus.o
LOAD ./Drivers/STM32F4xx_HAL_Driver/Src/stm32f4xx_hal_fmpsmbus_ex.o
LOAD ./Drivers/STM32F4xx_HAL_Driver/Src/stm32f4xx_hal_gpio.o
LOAD ./Drivers/STM32F4xx_HAL_Driver/Src/stm32f4xx_hal_hash.o
LOAD ./Drivers/STM32F4xx_HAL_Driver/Src/stm32f4xx_hal_hash_ex.o
LOAD ./Drivers/STM32F4xx_HAL_Driver/Src/stm32f4xx_hal_hcd.o
LOAD ./Drivers/STM32F4xx_HAL_Driver/Src/stm32f4xx_hal_i2c.o
LOAD ./Drivers/STM32F4xx_HAL_Driver/Src/stm32f4xx_hal_i2c_ex.o
LOAD ./Drivers/STM32F4xx_HAL_Driver/Src/stm32f4xx_hal_i2s.o
LOAD ./Drivers/STM32F4xx_HAL_Driver/Src/stm32f4xx_hal_i2s_ex.o
LOAD ./Drivers/STM32F4xx_HAL_Driver/Src/stm32f4xx_hal_irda.o
LOAD ./Drivers/STM32F4xx_HAL_Driver/Src/stm32f4xx_hal_iwdg.o
LOAD ./Drivers/STM32F4xx_HAL_Driver/Src/stm32f4xx_hal_lptim.o
LOAD ./Drivers/STM32F4xx_HAL_Driver/Src/stm32f4xx_hal_ltdc.o
LOAD ./Drivers/STM32F4xx_HAL_Driver/Src/stm32f4xx_hal_ltdc_ex.o
LOAD ./Drivers/STM32F4xx_HAL_Driver/Src/stm32f4xx_hal_mmc.o
LOAD ./Drivers/STM32F4xx_HAL_Driver/Src/stm32f4xx_hal_nand.o
LOAD ./Drivers/STM32F4xx_HAL_Driver/Src/stm32f4xx_hal_nor.o
LOAD ./Drivers/STM32F4xx_HAL_Driver/Src/stm32f4xx_hal_pccard.o
LOAD ./Drivers/STM32F4xx_HAL_Driver/Src/stm32f4xx_hal_pcd.o
LOAD ./Drivers/STM32F4xx_HAL_Driver/Src/stm32f4xx_hal_pcd_ex.o
LOAD ./Drivers/STM32F4xx_HAL_Driver/Src/stm32f4xx_hal_pwr.o
LOAD ./Drivers/STM32F4xx_HAL_Driver/Src/stm32f4xx_hal_pwr_ex.o
LOAD ./Drivers/STM32F4xx_HAL_Driver/Src/stm32f4xx_hal_qspi.o
LOAD ./Drivers/STM32F4xx_HAL_Driver/Src/stm32f4xx_hal_rcc.o
LOAD ./Drivers/STM32F4xx_HAL_Driver/Src/stm32f4xx_hal_rcc_ex.o
LOAD ./Drivers/STM32F4xx_HAL_Driver/Src/stm32f4xx_hal_rng.o
LOAD ./Drivers/STM32F4xx_HAL_Driver/Src/stm32f4xx_hal_rtc.o
LOAD ./Drivers/STM32F4xx_HAL_Driver/Src/stm32f4xx_hal_rtc_ex.o
LOAD ./Drivers/STM32F4xx_HAL_Driver/Src/stm32f4xx_hal_sai.o
LOAD ./Drivers/STM32F4xx_HAL_Driver/Src/stm32f4xx_hal_sai_ex.o
LOAD ./Drivers/STM32F4xx_HAL_Driver/Src/stm32f4xx_hal_sd.o
LOAD ./Drivers/STM32F4xx_HAL_Driver/Src/stm32f4xx_hal_sdram.o
LOAD ./Drivers/STM32F4xx_HAL_Driver/Src/stm32f4xx_hal_smartcard.o
LOAD ./Drivers/STM32F4xx_HAL_Driver/Src/stm32f4xx_hal_smbus.o
LOAD ./Drivers/STM32F4xx_HAL_Driver/Src/stm32f4xx_hal_spdifrx.o
LOAD ./Drivers/STM32F4xx_HAL_Driver/Src/stm32f4xx_hal_spi.o
LOAD ./Drivers/STM32F4xx_HAL_Driver/Src/stm32f4xx_hal_sram.o
LOAD ./Drivers/STM32F4xx_HAL_Driver/Src/stm32f4xx_hal_tim.o
LOAD ./Drivers/STM32F4xx_HAL_Driver/Src/stm32f4xx_hal_tim_ex.o
LOAD ./Drivers/STM32F4xx_HAL_Driver/Src/stm32f4xx_hal_uart.o
LOAD ./Drivers/STM32F4xx_HAL_Driver/Src/stm32f4xx_hal_usart.o
LOAD ./Drivers/STM32F4xx_HAL_Driver/Src/stm32f4xx_hal_wwdg.o
LOAD ./Drivers/STM32F4xx_HAL_Driver/Src/stm32f4xx_ll_adc.o
LOAD ./Drivers/STM32F4xx_HAL_Driver/Src/stm32f4xx_ll_crc.o
LOAD ./Drivers/STM32F4xx_HAL_Driver/Src/stm32f4xx_ll_dac.o
LOAD ./Drivers/STM32F4xx_HAL_Driver/Src/stm32f4xx_ll_dma.o
LOAD ./Drivers/STM32F4xx_HAL_Driver/Src/stm32f4xx_ll_dma2d.o
LOAD ./Drivers/STM32F4xx_HAL_Driver/Src/stm32f4xx_ll_exti.o
LOAD ./Drivers/STM32F4xx_HAL_Driver/Src/stm32f4xx_ll_fmc.o
LOAD ./Drivers/STM32F4xx_HAL_Driver/Src/stm32f4xx_ll_fmpi2c.o
LOAD ./Drivers/STM32F4xx_HAL_Driver/Src/stm32f4xx_ll_fsmc.o
LOAD ./Drivers/STM32F4xx_HAL_Driver/Src/stm32f4xx_ll_gpio.o
LOAD ./Drivers/STM32F4xx_HAL_Driver/Src/stm32f4xx_ll_i2c.o
LOAD ./Drivers/STM32F4xx_HAL_Driver/Src/stm32f4xx_ll_lptim.o
LOAD ./Drivers/STM32F4xx_HAL_Driver/Src/stm32f4xx_ll_pwr.o
LOAD ./Drivers/STM32F4xx_HAL_Driver/Src/stm32f4xx_ll_rcc.o
LOAD ./Drivers/STM32F4xx_HAL_Driver/Src/stm32f4xx_ll_rng.o
LOAD ./Drivers/STM32F4xx_HAL_Driver/Src/stm32f4xx_ll_rtc.o
LOAD ./Drivers/STM32F4xx_HAL_Driver/Src/stm32f4xx_ll_sdmmc.o
LOAD ./Drivers/STM32F4xx_HAL_Driver/Src/stm32f4xx_ll_spi.o
LOAD ./Drivers/STM32F4xx_HAL_Driver/Src/stm32f4xx_ll_tim.o
LOAD ./Drivers/STM32F4xx_HAL_Driver/Src/stm32f4xx_ll_usart.o
LOAD ./Drivers/STM32F4xx_HAL_Driver/Src/stm32f4xx_ll_usb.o
LOAD ./Drivers/STM32F4xx_HAL_Driver/Src/stm32f4xx_ll_utils.o
START GROUP
LOAD c:/st/stm32cubeide_1.7.0/stm32cubeide/plugins/com.st.stm32cube.ide.mcu.externaltools.gnu-tools-for-stm32.9-2020-q2-update.win32_2.0.0.202105311346/tools/bin/../lib/gcc/arm-none-eabi/9.3.1/../../../../arm-none-eabi/lib/thumb/v7e-m+fp/hard\libstdc++_nano.a
LOAD c:/st/stm32cubeide_1.7.0/stm32cubeide/plugins/com.st.stm32cube.ide.mcu.externaltools.gnu-tools-for-stm32.9-2020-q2-update.win32_2.0.0.202105311346/tools/bin/../lib/gcc/arm-none-eabi/9.3.1/../../../../arm-none-eabi/lib/thumb/v7e-m+fp/hard\libsupc++_nano.a
END GROUP
LOAD c:/st/stm32cubeide_1.7.0/stm32cubeide/plugins/com.st.stm32cube.ide.mcu.externaltools.gnu-tools-for-stm32.9-2020-q2-update.win32_2.0.0.202105311346/tools/bin/../lib/gcc/arm-none-eabi/9.3.1/../../../../arm-none-eabi/lib/thumb/v7e-m+fp/hard\libstdc++_nano.a
LOAD c:/st/stm32cubeide_1.7.0/stm32cubeide/plugins/com.st.stm32cube.ide.mcu.externaltools.gnu-tools-for-stm32.9-2020-q2-update.win32_2.0.0.202105311346/tools/bin/../lib/gcc/arm-none-eabi/9.3.1/../../../../arm-none-eabi/lib/thumb/v7e-m+fp/hard\libm.a
LOAD c:/st/stm32cubeide_1.7.0/stm32cubeide/plugins/com.st.stm32cube.ide.mcu.externaltools.gnu-tools-for-stm32.9-2020-q2-update.win32_2.0.0.202105311346/tools/bin/../lib/gcc/arm-none-eabi/9.3.1/../../../../arm-none-eabi/lib/thumb/v7e-m+fp/hard\libc_nano.a
START GROUP
LOAD c:/st/stm32cubeide_1.7.0/stm32cubeide/plugins/com.st.stm32cube.ide.mcu.externaltools.gnu-tools-for-stm32.9-2020-q2-update.win32_2.0.0.202105311346/tools/bin/../lib/gcc/arm-none-eabi/9.3.1/thumb/v7e-m+fp/hard\libgcc.a
LOAD c:/st/stm32cubeide_1.7.0/stm32cubeide/plugins/com.st.stm32cube.ide.mcu.externaltools.gnu-tools-for-stm32.9-2020-q2-update.win32_2.0.0.202105311346/tools/bin/../lib/gcc/arm-none-eabi/9.3.1/../../../../arm-none-eabi/lib/thumb/v7e-m+fp/hard\libc_nano.a
END GROUP
START GROUP
LOAD c:/st/stm32cubeide_1.7.0/stm32cubeide/plugins/com.st.stm32cube.ide.mcu.externaltools.gnu-tools-for-stm32.9-2020-q2-update.win32_2.0.0.202105311346/tools/bin/../lib/gcc/arm-none-eabi/9.3.1/thumb/v7e-m+fp/hard\libgcc.a
LOAD c:/st/stm32cubeide_1.7.0/stm32cubeide/plugins/com.st.stm32cube.ide.mcu.externaltools.gnu-tools-for-stm32.9-2020-q2-update.win32_2.0.0.202105311346/tools/bin/../lib/gcc/arm-none-eabi/9.3.1/../../../../arm-none-eabi/lib/thumb/v7e-m+fp/hard\libc_nano.a
LOAD c:/st/stm32cubeide_1.7.0/stm32cubeide/plugins/com.st.stm32cube.ide.mcu.externaltools.gnu-tools-for-stm32.9-2020-q2-update.win32_2.0.0.202105311346/tools/bin/../lib/gcc/arm-none-eabi/9.3.1/../../../../arm-none-eabi/lib/thumb/v7e-m+fp/hard\libnosys.a
END GROUP
START GROUP
LOAD c:/st/stm32cubeide_1.7.0/stm32cubeide/plugins/com.st.stm32cube.ide.mcu.externaltools.gnu-tools-for-stm32.9-2020-q2-update.win32_2.0.0.202105311346/tools/bin/../lib/gcc/arm-none-eabi/9.3.1/thumb/v7e-m+fp/hard\libgcc.a
LOAD c:/st/stm32cubeide_1.7.0/stm32cubeide/plugins/com.st.stm32cube.ide.mcu.externaltools.gnu-tools-for-stm32.9-2020-q2-update.win32_2.0.0.202105311346/tools/bin/../lib/gcc/arm-none-eabi/9.3.1/../../../../arm-none-eabi/lib/thumb/v7e-m+fp/hard\libc_nano.a
LOAD c:/st/stm32cubeide_1.7.0/stm32cubeide/plugins/com.st.stm32cube.ide.mcu.externaltools.gnu-tools-for-stm32.9-2020-q2-update.win32_2.0.0.202105311346/tools/bin/../lib/gcc/arm-none-eabi/9.3.1/../../../../arm-none-eabi/lib/thumb/v7e-m+fp/hard\libnosys.a
END GROUP
LOAD c:/st/stm32cubeide_1.7.0/stm32cubeide/plugins/com.st.stm32cube.ide.mcu.externaltools.gnu-tools-for-stm32.9-2020-q2-update.win32_2.0.0.202105311346/tools/bin/../lib/gcc/arm-none-eabi/9.3.1/thumb/v7e-m+fp/hard/crtend.o
LOAD c:/st/stm32cubeide_1.7.0/stm32cubeide/plugins/com.st.stm32cube.ide.mcu.externaltools.gnu-tools-for-stm32.9-2020-q2-update.win32_2.0.0.202105311346/tools/bin/../lib/gcc/arm-none-eabi/9.3.1/thumb/v7e-m+fp/hard/crtn.o
                0x0000000020030000                _estack = (ORIGIN (RAM) + LENGTH (RAM))
                0x0000000000000200                _Min_Heap_Size = 0x200
                0x0000000000000400                _Min_Stack_Size = 0x400

.isr_vector     0x0000000008000000      0x1ac
                0x0000000008000000                . = ALIGN (0x4)
 *(.isr_vector)
 .isr_vector    0x0000000008000000      0x1ac ./Core/Startup/startup_stm32f429zitx.o
                0x0000000008000000                g_pfnVectors
                0x00000000080001ac                . = ALIGN (0x4)

.text           0x00000000080001ac      0x1cc
                0x00000000080001ac                . = ALIGN (0x4)
 *(.text)
 .text          0x00000000080001ac       0x40 c:/st/stm32cubeide_1.7.0/stm32cubeide/plugins/com.st.stm32cube.ide.mcu.externaltools.gnu-tools-for-stm32.9-2020-q2-update.win32_2.0.0.202105311346/tools/bin/../lib/gcc/arm-none-eabi/9.3.1/thumb/v7e-m+fp/hard/crtbegin.o
 *(.text*)
 .text.Reset_Handler
                0x00000000080001ec       0x50 ./Core/Startup/startup_stm32f429zitx.o
                0x00000000080001ec                Reset_Handler
 .text.Default_Handler
                0x000000000800023c        0x2 ./Core/Startup/startup_stm32f429zitx.o
                0x000000000800023c                RTC_Alarm_IRQHandler
                0x000000000800023c                HASH_RNG_IRQHandler
                0x000000000800023c                EXTI2_IRQHandler
                0x000000000800023c                TIM8_CC_IRQHandler
                0x000000000800023c                UART8_IRQHandler
                0x000000000800023c                SPI4_IRQHandler
                0x000000000800023c                TIM1_CC_IRQHandler
                0x000000000800023c                DMA2_Stream5_IRQHandler
                0x000000000800023c                DMA1_Stream5_IRQHandler
                0x000000000800023c                PVD_IRQHandler
                0x000000000800023c                SDIO_IRQHandler
                0x000000000800023c                TAMP_STAMP_IRQHandler
                0x000000000800023c                CAN2_RX1_IRQHandler
                0x000000000800023c                EXTI3_IRQHandler
                0x000000000800023c                TIM8_TRG_COM_TIM14_IRQHandler
                0x000000000800023c                TIM1_UP_TIM10_IRQHandler
                0x000000000800023c                TIM8_UP_TIM13_IRQHandler
                0x000000000800023c                I2C3_ER_IRQHandler
                0x000000000800023c                EXTI0_IRQHandler
                0x000000000800023c                I2C2_EV_IRQHandler
                0x000000000800023c                DMA1_Stream2_IRQHandler
                0x000000000800023c                CAN1_RX0_IRQHandler
                0x000000000800023c                FPU_IRQHandler
                0x000000000800023c                OTG_HS_WKUP_IRQHandler
                0x000000000800023c                LTDC_ER_IRQHandler
                0x000000000800023c                CAN2_SCE_IRQHandler
                0x000000000800023c                DMA2_Stream2_IRQHandler
                0x000000000800023c                SPI1_IRQHandler
                0x000000000800023c                TIM6_DAC_IRQHandler
                0x000000000800023c                TIM1_BRK_TIM9_IRQHandler
                0x000000000800023c                DCMI_IRQHandler
                0x000000000800023c                CAN2_RX0_IRQHandler
                0x000000000800023c                DMA2_Stream3_IRQHandler
                0x000000000800023c                USART6_IRQHandler
                0x000000000800023c                USART3_IRQHandler
                0x000000000800023c                CAN1_RX1_IRQHandler
                0x000000000800023c                UART5_IRQHandler
                0x000000000800023c                DMA2_Stream0_IRQHandler
                0x000000000800023c                TIM4_IRQHandler
                0x000000000800023c                I2C1_EV_IRQHandler
                0x000000000800023c                DMA1_Stream6_IRQHandler
                0x000000000800023c                DMA1_Stream1_IRQHandler
                0x000000000800023c                UART4_IRQHandler
                0x000000000800023c                TIM3_IRQHandler
                0x000000000800023c                RCC_IRQHandler
                0x000000000800023c                TIM8_BRK_TIM12_IRQHandler
                0x000000000800023c                Default_Handler
                0x000000000800023c                EXTI15_10_IRQHandler
                0x000000000800023c                ADC_IRQHandler
                0x000000000800023c                DMA1_Stream7_IRQHandler
                0x000000000800023c                SPI5_IRQHandler
                0x000000000800023c                TIM7_IRQHandler
                0x000000000800023c                CAN2_TX_IRQHandler
                0x000000000800023c                TIM5_IRQHandler
                0x000000000800023c                DMA2_Stream7_IRQHandler
                0x000000000800023c                I2C3_EV_IRQHandler
                0x000000000800023c                EXTI9_5_IRQHandler
                0x000000000800023c                RTC_WKUP_IRQHandler
                0x000000000800023c                LTDC_IRQHandler
                0x000000000800023c                ETH_WKUP_IRQHandler
                0x000000000800023c                SPI2_IRQHandler
                0x000000000800023c                OTG_HS_EP1_IN_IRQHandler
                0x000000000800023c                DMA1_Stream0_IRQHandler
                0x000000000800023c                CAN1_TX_IRQHandler
                0x000000000800023c                EXTI4_IRQHandler
                0x000000000800023c                ETH_IRQHandler
                0x000000000800023c                OTG_HS_EP1_OUT_IRQHandler
                0x000000000800023c                WWDG_IRQHandler
                0x000000000800023c                SPI6_IRQHandler
                0x000000000800023c                TIM2_IRQHandler
                0x000000000800023c                OTG_FS_WKUP_IRQHandler
                0x000000000800023c                TIM1_TRG_COM_TIM11_IRQHandler
                0x000000000800023c                OTG_HS_IRQHandler
                0x000000000800023c                DMA2D_IRQHandler
                0x000000000800023c                EXTI1_IRQHandler
                0x000000000800023c                UART7_IRQHandler
                0x000000000800023c                USART2_IRQHandler
                0x000000000800023c                I2C2_ER_IRQHandler
                0x000000000800023c                DMA2_Stream1_IRQHandler
                0x000000000800023c                CAN1_SCE_IRQHandler
                0x000000000800023c                FLASH_IRQHandler
                0x000000000800023c                DMA2_Stream4_IRQHandler
                0x000000000800023c                USART1_IRQHandler
                0x000000000800023c                OTG_FS_IRQHandler
                0x000000000800023c                SPI3_IRQHandler
                0x000000000800023c                DMA1_Stream4_IRQHandler
                0x000000000800023c                I2C1_ER_IRQHandler
                0x000000000800023c                FMC_IRQHandler
                0x000000000800023c                DMA2_Stream6_IRQHandler
                0x000000000800023c                SAI1_IRQHandler
                0x000000000800023c                DMA1_Stream3_IRQHandler
 .text.NMI_Handler
                0x000000000800023e        0xe ./Core/handlers.o
                0x000000000800023e                NMI_Handler
 .text.HardFault_Handler
                0x000000000800024c        0x6 ./Core/handlers.o
                0x000000000800024c                HardFault_Handler
 .text.MemManage_Handler
                0x0000000008000252        0x6 ./Core/handlers.o
                0x0000000008000252                MemManage_Handler
 .text.BusFault_Handler
                0x0000000008000258        0x6 ./Core/handlers.o
                0x0000000008000258                BusFault_Handler
 .text.UsageFault_Handler
                0x000000000800025e        0x6 ./Core/handlers.o
                0x000000000800025e                UsageFault_Handler
 .text.SVC_Handler
                0x0000000008000264        0xe ./Core/handlers.o
                0x0000000008000264                SVC_Handler
 .text.DebugMon_Handler
                0x0000000008000272        0xe ./Core/handlers.o
                0x0000000008000272                DebugMon_Handler
 .text.PendSV_Handler
                0x0000000008000280        0xe ./Core/handlers.o
                0x0000000008000280                PendSV_Handler
 .text.SysTick_Handler
                0x000000000800028e       0x10 ./Core/handlers.o
                0x000000000800028e                SysTick_Handler
 .text.main     0x000000000800029e       0x10 ./Core/main.o
                0x000000000800029e                main
 *fill*         0x00000000080002ae        0x2 
 .text.SystemInit
                0x00000000080002b0       0x24 ./Core/system_stm32f4xx.o
                0x00000000080002b0                SystemInit
 .text.HAL_IncTick
                0x00000000080002d4       0x28 ./Drivers/STM32F4xx_HAL_Driver/Src/stm32f4xx_hal.o
                0x00000000080002d4                HAL_IncTick
 .text.HAL_SYSTICK_IRQHandler
                0x00000000080002fc        0xc ./Drivers/STM32F4xx_HAL_Driver/Src/stm32f4xx_hal_cortex.o
                0x00000000080002fc                HAL_SYSTICK_IRQHandler
 .text.HAL_SYSTICK_Callback
                0x0000000008000308        0xe ./Drivers/STM32F4xx_HAL_Driver/Src/stm32f4xx_hal_cortex.o
                0x0000000008000308                HAL_SYSTICK_Callback
 *fill*         0x0000000008000316        0x2 
 .text.__libc_init_array
                0x0000000008000318       0x48 c:/st/stm32cubeide_1.7.0/stm32cubeide/plugins/com.st.stm32cube.ide.mcu.externaltools.gnu-tools-for-stm32.9-2020-q2-update.win32_2.0.0.202105311346/tools/bin/../lib/gcc/arm-none-eabi/9.3.1/../../../../arm-none-eabi/lib/thumb/v7e-m+fp/hard\libc_nano.a(lib_a-init.o)
                0x0000000008000318                __libc_init_array
 *(.glue_7)
 .glue_7        0x0000000008000360        0x0 linker stubs
 *(.glue_7t)
 .glue_7t       0x0000000008000360        0x0 linker stubs
 *(.eh_frame)
 .eh_frame      0x0000000008000360        0x0 c:/st/stm32cubeide_1.7.0/stm32cubeide/plugins/com.st.stm32cube.ide.mcu.externaltools.gnu-tools-for-stm32.9-2020-q2-update.win32_2.0.0.202105311346/tools/bin/../lib/gcc/arm-none-eabi/9.3.1/thumb/v7e-m+fp/hard/crtbegin.o
 *(.init)
 .init          0x0000000008000360        0x4 c:/st/stm32cubeide_1.7.0/stm32cubeide/plugins/com.st.stm32cube.ide.mcu.externaltools.gnu-tools-for-stm32.9-2020-q2-update.win32_2.0.0.202105311346/tools/bin/../lib/gcc/arm-none-eabi/9.3.1/thumb/v7e-m+fp/hard/crti.o
                0x0000000008000360                _init
 .init          0x0000000008000364        0x8 c:/st/stm32cubeide_1.7.0/stm32cubeide/plugins/com.st.stm32cube.ide.mcu.externaltools.gnu-tools-for-stm32.9-2020-q2-update.win32_2.0.0.202105311346/tools/bin/../lib/gcc/arm-none-eabi/9.3.1/thumb/v7e-m+fp/hard/crtn.o
 *(.fini)
 .fini          0x000000000800036c        0x4 c:/st/stm32cubeide_1.7.0/stm32cubeide/plugins/com.st.stm32cube.ide.mcu.externaltools.gnu-tools-for-stm32.9-2020-q2-update.win32_2.0.0.202105311346/tools/bin/../lib/gcc/arm-none-eabi/9.3.1/thumb/v7e-m+fp/hard/crti.o
                0x000000000800036c                _fini
 .fini          0x0000000008000370        0x8 c:/st/stm32cubeide_1.7.0/stm32cubeide/plugins/com.st.stm32cube.ide.mcu.externaltools.gnu-tools-for-stm32.9-2020-q2-update.win32_2.0.0.202105311346/tools/bin/../lib/gcc/arm-none-eabi/9.3.1/thumb/v7e-m+fp/hard/crtn.o
                0x0000000008000378                . = ALIGN (0x4)
                0x0000000008000378                _etext = .

.vfp11_veneer   0x0000000008000378        0x0
 .vfp11_veneer  0x0000000008000378        0x0 linker stubs

.v4_bx          0x0000000008000378        0x0
 .v4_bx         0x0000000008000378        0x0 linker stubs

.iplt           0x0000000008000378        0x0
 .iplt          0x0000000008000378        0x0 c:/st/stm32cubeide_1.7.0/stm32cubeide/plugins/com.st.stm32cube.ide.mcu.externaltools.gnu-tools-for-stm32.9-2020-q2-update.win32_2.0.0.202105311346/tools/bin/../lib/gcc/arm-none-eabi/9.3.1/thumb/v7e-m+fp/hard/crtbegin.o

.rel.dyn        0x0000000008000378        0x0
 .rel.iplt      0x0000000008000378        0x0 c:/st/stm32cubeide_1.7.0/stm32cubeide/plugins/com.st.stm32cube.ide.mcu.externaltools.gnu-tools-for-stm32.9-2020-q2-update.win32_2.0.0.202105311346/tools/bin/../lib/gcc/arm-none-eabi/9.3.1/thumb/v7e-m+fp/hard/crtbegin.o

.rodata         0x0000000008000378        0x0
                0x0000000008000378                . = ALIGN (0x4)
 *(.rodata)
 *(.rodata*)
                0x0000000008000378                . = ALIGN (0x4)

.ARM.extab      0x0000000008000378        0x0
                0x0000000008000378                . = ALIGN (0x4)
 *(.ARM.extab* .gnu.linkonce.armextab.*)
                0x0000000008000378                . = ALIGN (0x4)

.ARM            0x0000000008000378        0x0
                0x0000000008000378                . = ALIGN (0x4)
                0x0000000008000378                __exidx_start = .
 *(.ARM.exidx*)
                0x0000000008000378                __exidx_end = .
                0x0000000008000378                . = ALIGN (0x4)

.preinit_array  0x0000000008000378        0x0
                0x0000000008000378                . = ALIGN (0x4)
                0x0000000008000378                PROVIDE (__preinit_array_start = .)
 *(.preinit_array*)
                0x0000000008000378                PROVIDE (__preinit_array_end = .)
                0x0000000008000378                . = ALIGN (0x4)

.init_array     0x0000000008000378        0x4
                0x0000000008000378                . = ALIGN (0x4)
                0x0000000008000378                PROVIDE (__init_array_start = .)
 *(SORT_BY_NAME(.init_array.*))
 *(.init_array*)
 .init_array    0x0000000008000378        0x4 c:/st/stm32cubeide_1.7.0/stm32cubeide/plugins/com.st.stm32cube.ide.mcu.externaltools.gnu-tools-for-stm32.9-2020-q2-update.win32_2.0.0.202105311346/tools/bin/../lib/gcc/arm-none-eabi/9.3.1/thumb/v7e-m+fp/hard/crtbegin.o
                0x000000000800037c                PROVIDE (__init_array_end = .)
                0x000000000800037c                . = ALIGN (0x4)

.fini_array     0x000000000800037c        0x4
                0x000000000800037c                . = ALIGN (0x4)
                [!provide]                        PROVIDE (__fini_array_start = .)
 *(SORT_BY_NAME(.fini_array.*))
 *(.fini_array*)
 .fini_array    0x000000000800037c        0x4 c:/st/stm32cubeide_1.7.0/stm32cubeide/plugins/com.st.stm32cube.ide.mcu.externaltools.gnu-tools-for-stm32.9-2020-q2-update.win32_2.0.0.202105311346/tools/bin/../lib/gcc/arm-none-eabi/9.3.1/thumb/v7e-m+fp/hard/crtbegin.o
                [!provide]                        PROVIDE (__fini_array_end = .)
                0x0000000008000380                . = ALIGN (0x4)
                0x0000000008000380                _sidata = LOADADDR (.data)

.data           0x0000000020000000        0x4 load address 0x0000000008000380
                0x0000000020000000                . = ALIGN (0x4)
                0x0000000020000000                _sdata = .
 *(.data)
 *(.data*)
 .data.uwTickFreq
                0x0000000020000000        0x1 ./Drivers/STM32F4xx_HAL_Driver/Src/stm32f4xx_hal.o
                0x0000000020000000                uwTickFreq
 *(.RamFunc)
 *(.RamFunc*)
                0x0000000020000004                . = ALIGN (0x4)
 *fill*         0x0000000020000001        0x3 
                0x0000000020000004                _edata = .
                0x0000000008000384                _siccmram = LOADADDR (.ccmram)

.igot.plt       0x0000000020000004        0x0 load address 0x0000000008000384
 .igot.plt      0x0000000020000004        0x0 c:/st/stm32cubeide_1.7.0/stm32cubeide/plugins/com.st.stm32cube.ide.mcu.externaltools.gnu-tools-for-stm32.9-2020-q2-update.win32_2.0.0.202105311346/tools/bin/../lib/gcc/arm-none-eabi/9.3.1/thumb/v7e-m+fp/hard/crtbegin.o

.ccmram         0x0000000010000000        0x0 load address 0x0000000008000384
                0x0000000010000000                . = ALIGN (0x4)
                0x0000000010000000                _sccmram = .
 *(.ccmram)
 *(.ccmram*)
                0x0000000010000000                . = ALIGN (0x4)
                0x0000000010000000                _eccmram = .
                0x0000000010000000                . = ALIGN (0x4)

.bss            0x0000000020000004       0x20
                0x0000000020000004                _sbss = .
                0x0000000020000004                __bss_start__ = _sbss
 *(.bss)
 .bss           0x0000000020000004       0x1c c:/st/stm32cubeide_1.7.0/stm32cubeide/plugins/com.st.stm32cube.ide.mcu.externaltools.gnu-tools-for-stm32.9-2020-q2-update.win32_2.0.0.202105311346/tools/bin/../lib/gcc/arm-none-eabi/9.3.1/thumb/v7e-m+fp/hard/crtbegin.o
 *(.bss*)
 *(COMMON)
 COMMON         0x0000000020000020        0x4 ./Drivers/STM32F4xx_HAL_Driver/Src/stm32f4xx_hal.o
                0x0000000020000020                uwTick
                0x0000000020000024                . = ALIGN (0x4)
                0x0000000020000024                _ebss = .
                0x0000000020000024                __bss_end__ = _ebss

._user_heap_stack
                0x0000000020000024      0x604
                0x0000000020000028                . = ALIGN (0x8)
 *fill*         0x0000000020000024        0x4 
                [!provide]                        PROVIDE (end = .)
                0x0000000020000028                PROVIDE (_end = .)
                0x0000000020000228                . = (. + _Min_Heap_Size)
 *fill*         0x0000000020000028      0x200 
                0x0000000020000628                . = (. + _Min_Stack_Size)
 *fill*         0x0000000020000228      0x400 
                0x0000000020000628                . = ALIGN (0x8)

/DISCARD/
 libc.a(*)
 libm.a(*)
 libgcc.a(*)

.ARM.attributes
                0x0000000000000000       0x30
 *(.ARM.attributes)
 .ARM.attributes
                0x0000000000000000       0x1e c:/st/stm32cubeide_1.7.0/stm32cubeide/plugins/com.st.stm32cube.ide.mcu.externaltools.gnu-tools-for-stm32.9-2020-q2-update.win32_2.0.0.202105311346/tools/bin/../lib/gcc/arm-none-eabi/9.3.1/thumb/v7e-m+fp/hard/crti.o
 .ARM.attributes
                0x000000000000001e       0x34 c:/st/stm32cubeide_1.7.0/stm32cubeide/plugins/com.st.stm32cube.ide.mcu.externaltools.gnu-tools-for-stm32.9-2020-q2-update.win32_2.0.0.202105311346/tools/bin/../lib/gcc/arm-none-eabi/9.3.1/thumb/v7e-m+fp/hard/crtbegin.o
 .ARM.attributes
                0x0000000000000052       0x21 ./Core/Startup/startup_stm32f429zitx.o
 .ARM.attributes
                0x0000000000000073       0x34 ./Core/handlers.o
 .ARM.attributes
                0x00000000000000a7       0x34 ./Core/main.o
 .ARM.attributes
                0x00000000000000db       0x34 ./Core/system_stm32f4xx.o
 .ARM.attributes
                0x000000000000010f       0x34 ./Drivers/STM32F4xx_HAL_Driver/Src/stm32f4xx_hal.o
 .ARM.attributes
                0x0000000000000143       0x34 ./Drivers/STM32F4xx_HAL_Driver/Src/stm32f4xx_hal_cortex.o
 .ARM.attributes
                0x0000000000000177       0x34 c:/st/stm32cubeide_1.7.0/stm32cubeide/plugins/com.st.stm32cube.ide.mcu.externaltools.gnu-tools-for-stm32.9-2020-q2-update.win32_2.0.0.202105311346/tools/bin/../lib/gcc/arm-none-eabi/9.3.1/../../../../arm-none-eabi/lib/thumb/v7e-m+fp/hard\libc_nano.a(lib_a-init.o)
 .ARM.attributes
                0x00000000000001ab       0x1e c:/st/stm32cubeide_1.7.0/stm32cubeide/plugins/com.st.stm32cube.ide.mcu.externaltools.gnu-tools-for-stm32.9-2020-q2-update.win32_2.0.0.202105311346/tools/bin/../lib/gcc/arm-none-eabi/9.3.1/thumb/v7e-m+fp/hard/crtn.o
OUTPUT(STM32_F429D.elf elf32-littlearm)
LOAD linker stubs
LOAD c:/st/stm32cubeide_1.7.0/stm32cubeide/plugins/com.st.stm32cube.ide.mcu.externaltools.gnu-tools-for-stm32.9-2020-q2-update.win32_2.0.0.202105311346/tools/bin/../lib/gcc/arm-none-eabi/9.3.1/../../../../arm-none-eabi/lib/thumb/v7e-m+fp/hard\libc.a
LOAD c:/st/stm32cubeide_1.7.0/stm32cubeide/plugins/com.st.stm32cube.ide.mcu.externaltools.gnu-tools-for-stm32.9-2020-q2-update.win32_2.0.0.202105311346/tools/bin/../lib/gcc/arm-none-eabi/9.3.1/../../../../arm-none-eabi/lib/thumb/v7e-m+fp/hard\libm.a
LOAD c:/st/stm32cubeide_1.7.0/stm32cubeide/plugins/com.st.stm32cube.ide.mcu.externaltools.gnu-tools-for-stm32.9-2020-q2-update.win32_2.0.0.202105311346/tools/bin/../lib/gcc/arm-none-eabi/9.3.1/thumb/v7e-m+fp/hard\libgcc.a

.debug_line     0x0000000000000000     0x2abd
 .debug_line    0x0000000000000000       0x88 ./Core/Startup/startup_stm32f429zitx.o
 .debug_line    0x0000000000000088      0x72f ./Core/handlers.o
 .debug_line    0x00000000000007b7      0x670 ./Core/main.o
 .debug_line    0x0000000000000e27      0x6ef ./Core/system_stm32f4xx.o
 .debug_line    0x0000000000001516      0x997 ./Drivers/STM32F4xx_HAL_Driver/Src/stm32f4xx_hal.o
 .debug_line    0x0000000000001ead      0xc10 ./Drivers/STM32F4xx_HAL_Driver/Src/stm32f4xx_hal_cortex.o

.debug_info     0x0000000000000000     0x22e3
 .debug_info    0x0000000000000000       0x22 ./Core/Startup/startup_stm32f429zitx.o
 .debug_info    0x0000000000000022      0x22b ./Core/handlers.o
 .debug_info    0x000000000000024d      0x19f ./Core/main.o
 .debug_info    0x00000000000003ec      0x5c0 ./Core/system_stm32f4xx.o
 .debug_info    0x00000000000009ac      0xa2a ./Drivers/STM32F4xx_HAL_Driver/Src/stm32f4xx_hal.o
 .debug_info    0x00000000000013d6      0xf0d ./Drivers/STM32F4xx_HAL_Driver/Src/stm32f4xx_hal_cortex.o

.debug_abbrev   0x0000000000000000      0x818
 .debug_abbrev  0x0000000000000000       0x12 ./Core/Startup/startup_stm32f429zitx.o
 .debug_abbrev  0x0000000000000012       0xd7 ./Core/handlers.o
 .debug_abbrev  0x00000000000000e9       0xc1 ./Core/main.o
 .debug_abbrev  0x00000000000001aa      0x145 ./Core/system_stm32f4xx.o
 .debug_abbrev  0x00000000000002ef      0x1ed ./Drivers/STM32F4xx_HAL_Driver/Src/stm32f4xx_hal.o
 .debug_abbrev  0x00000000000004dc      0x33c ./Drivers/STM32F4xx_HAL_Driver/Src/stm32f4xx_hal_cortex.o

.debug_aranges  0x0000000000000000      0x2e8
 .debug_aranges
                0x0000000000000000       0x28 ./Core/Startup/startup_stm32f429zitx.o
 .debug_aranges
                0x0000000000000028       0x60 ./Core/handlers.o
 .debug_aranges
                0x0000000000000088       0x20 ./Core/main.o
 .debug_aranges
                0x00000000000000a8       0x28 ./Core/system_stm32f4xx.o
 .debug_aranges
                0x00000000000000d0      0x100 ./Drivers/STM32F4xx_HAL_Driver/Src/stm32f4xx_hal.o
 .debug_aranges
                0x00000000000001d0      0x118 ./Drivers/STM32F4xx_HAL_Driver/Src/stm32f4xx_hal_cortex.o

.debug_str      0x0000000000000000    0xcad87
 .debug_str     0x0000000000000000       0x67 ./Core/Startup/startup_stm32f429zitx.o
 .debug_str     0x0000000000000067    0xc9a9d ./Core/handlers.o
                                      0xc9d52 (size before relaxing)
 .debug_str     0x00000000000c9b04       0x23 ./Core/main.o
                                      0xc9cbf (size before relaxing)
 .debug_str     0x00000000000c9b27      0x36c ./Core/system_stm32f4xx.o
                                      0xc99c0 (size before relaxing)
 .debug_str     0x00000000000c9e93      0xb40 ./Drivers/STM32F4xx_HAL_Driver/Src/stm32f4xx_hal.o
                                      0xca545 (size before relaxing)
 .debug_str     0x00000000000ca9d3      0x3b4 ./Drivers/STM32F4xx_HAL_Driver/Src/stm32f4xx_hal_cortex.o
                                      0xca2e6 (size before relaxing)

.debug_ranges   0x0000000000000000      0x290
 .debug_ranges  0x0000000000000000       0x20 ./Core/Startup/startup_stm32f429zitx.o
 .debug_ranges  0x0000000000000020       0x50 ./Core/handlers.o
 .debug_ranges  0x0000000000000070       0x10 ./Core/main.o
 .debug_ranges  0x0000000000000080       0x18 ./Core/system_stm32f4xx.o
 .debug_ranges  0x0000000000000098       0xf0 ./Drivers/STM32F4xx_HAL_Driver/Src/stm32f4xx_hal.o
 .debug_ranges  0x0000000000000188      0x108 ./Drivers/STM32F4xx_HAL_Driver/Src/stm32f4xx_hal_cortex.o

.debug_macro    0x0000000000000000     0x192f
 .debug_macro   0x0000000000000000      0x1c9 ./Core/handlers.o
 .debug_macro   0x00000000000001c9      0x1c9 ./Core/main.o
 .debug_macro   0x0000000000000392      0x1b0 ./Core/system_stm32f4xx.o
 .debug_macro   0x0000000000000542     0x102d ./Core/system_stm32f4xx.o
 .debug_macro   0x000000000000156f      0x210 ./Drivers/STM32F4xx_HAL_Driver/Src/stm32f4xx_hal.o
 .debug_macro   0x000000000000177f      0x1b0 ./Drivers/STM32F4xx_HAL_Driver/Src/stm32f4xx_hal_cortex.o

.comment        0x0000000000000000       0x53
 .comment       0x0000000000000000       0x53 ./Core/handlers.o
                                         0x54 (size before relaxing)
 .comment       0x0000000000000053       0x54 ./Core/main.o
 .comment       0x0000000000000053       0x54 ./Core/system_stm32f4xx.o
 .comment       0x0000000000000053       0x54 ./Drivers/STM32F4xx_HAL_Driver/Src/stm32f4xx_hal.o
 .comment       0x0000000000000053       0x54 ./Drivers/STM32F4xx_HAL_Driver/Src/stm32f4xx_hal_cortex.o

.debug_frame    0x0000000000000000      0xa0c
 .debug_frame   0x0000000000000000      0x10c ./Core/handlers.o
 .debug_frame   0x000000000000010c       0x30 ./Core/main.o
 .debug_frame   0x000000000000013c       0x58 ./Core/system_stm32f4xx.o
 .debug_frame   0x0000000000000194      0x3b4 ./Drivers/STM32F4xx_HAL_Driver/Src/stm32f4xx_hal.o
 .debug_frame   0x0000000000000548      0x498 ./Drivers/STM32F4xx_HAL_Driver/Src/stm32f4xx_hal_cortex.o
 .debug_frame   0x00000000000009e0       0x2c c:/st/stm32cubeide_1.7.0/stm32cubeide/plugins/com.st.stm32cube.ide.mcu.externaltools.gnu-tools-for-stm32.9-2020-q2-update.win32_2.0.0.202105311346/tools/bin/../lib/gcc/arm-none-eabi/9.3.1/../../../../arm-none-eabi/lib/thumb/v7e-m+fp/hard\libc_nano.a(lib_a-init.o)
