gthr-default.h:229:1:int __gthread_key_delete(__gthread_key_t)	16	static
handlers.cpp:45:6:void NMI_Handler()	4	static
handlers.cpp:52:6:void HardFault_Handler()	8	static
handlers.cpp:61:6:void MemManage_Handler()	8	static
handlers.cpp:70:6:void BusFault_Handler()	8	static
handlers.cpp:79:6:void UsageFault_Handler()	8	static
handlers.cpp:88:6:void SVC_Handler()	4	static
handlers.cpp:95:6:void DebugMon_Handler()	4	static
handlers.cpp:102:6:void PendSV_Handler()	4	static
handlers.cpp:109:6:void SysTick_Handler()	8	static
handlers.cpp:125:6:void USART1_IRQHandler()	8	static
