00:30:16 **** Incremental Build of configuration Debug for project STM32_F429D ****
make -j8 all 
arm-none-eabi-size   STM32_F429D.elf 
   text	   data	    bss	    dec	    hex	filename
  14720	    124	   1716	  16560	   40b0	STM32_F429D.elf
Finished building: default.size.stdout
 
00:33:58 **** Incremental Build of configuration Debug for project STM32_F429D ****
make -j8 all 
arm-none-eabi-g++ "../Core/handlers.cpp" -mcpu=cortex-m4 -std=gnu++14 -g3 -DDEBUG -DUSE_HAL_DRIVER -DSTM32F429xx -c -I../Drivers/STM32F4xx_HAL_Driver/Inc -I../Drivers/STM32F4xx_HAL_Driver/Inc/Legacy -I../Drivers/CMSIS/Device/ST/STM32F4xx/Include -I../Drivers/CMSIS/Include -I../Core -I../QA_Drivers -I../QA_Drivers/QAD_PeripheralManagers -I../QA_Systems -I../QA_Systems/QAS_Serial -I../QA_Tools -O0 -ffunction-sections -fdata-sections -fno-exceptions -fno-rtti -fno-use-cxa-atexit -Wall -fstack-usage -MMD -MP -MF"Core/handlers.d" -MT"Core/handlers.o" --specs=nano.specs -mfpu=fpv4-sp-d16 -mfloat-abi=hard -mthumb -o "Core/handlers.o"
../Core/handlers.cpp:21:10: fatal error: QAD_Serial_Dev_UART.hpp: No such file or directory
   21 | #include "QAD_Serial_Dev_UART.hpp"
      |          ^~~~~~~~~~~~~~~~~~~~~~~~~
compilation terminated.
make: *** [Core/subdir.mk:38: Core/handlers.o] Error 1
"make -j8 all" terminated with exit code 2. Build might be incomplete.
00:34:15 **** Incremental Build of configuration Debug for project STM32_F429D ****
make -j8 all 
arm-none-eabi-g++ "../Core/handlers.cpp" -mcpu=cortex-m4 -std=gnu++14 -g3 -DDEBUG -DUSE_HAL_DRIVER -DSTM32F429xx -c -I../Drivers/STM32F4xx_HAL_Driver/Inc -I../Drivers/STM32F4xx_HAL_Driver/Inc/Legacy -I../Drivers/CMSIS/Device/ST/STM32F4xx/Include -I../Drivers/CMSIS/Include -I../Core -I../QA_Drivers -I../QA_Drivers/QAD_PeripheralManagers -I../QA_Systems -I../QA_Systems/QAS_Serial -I../QA_Tools -O0 -ffunction-sections -fdata-sections -fno-exceptions -fno-rtti -fno-use-cxa-atexit -Wall -fstack-usage -MMD -MP -MF"Core/handlers.d" -MT"Core/handlers.o" --specs=nano.specs -mfpu=fpv4-sp-d16 -mfloat-abi=hard -mthumb -o "Core/handlers.o"
../Core/handlers.cpp:30:8: error: 'QAD_GPIO_Output' does not name a type
   30 | extern QAD_GPIO_Output* GPIO_UserLED_Red;
      |        ^~~~~~~~~~~~~~~
../Core/handlers.cpp:31:8: error: 'QAD_GPIO_Output' does not name a type
   31 | extern QAD_GPIO_Output* GPIO_UserLED_Green;
      |        ^~~~~~~~~~~~~~~
../Core/handlers.cpp: In function 'void HardFault_Handler()':
../Core/handlers.cpp:52:2: error: 'GPIO_UserLED_Red' was not declared in this scope
   52 |  GPIO_UserLED_Red->on();
      |  ^~~~~~~~~~~~~~~~
../Core/handlers.cpp:53:2: error: 'GPIO_UserLED_Green' was not declared in this scope
   53 |  GPIO_UserLED_Green->on();
      |  ^~~~~~~~~~~~~~~~~~
../Core/handlers.cpp: In function 'void MemManage_Handler()':
../Core/handlers.cpp:61:2: error: 'GPIO_UserLED_Red' was not declared in this scope
   61 |  GPIO_UserLED_Red->on();
      |  ^~~~~~~~~~~~~~~~
../Core/handlers.cpp:62:2: error: 'GPIO_UserLED_Green' was not declared in this scope
   62 |  GPIO_UserLED_Green->on();
      |  ^~~~~~~~~~~~~~~~~~
../Core/handlers.cpp: In function 'void BusFault_Handler()':
../Core/handlers.cpp:70:2: error: 'GPIO_UserLED_Red' was not declared in this scope
   70 |  GPIO_UserLED_Red->on();
      |  ^~~~~~~~~~~~~~~~
../Core/handlers.cpp:71:2: error: 'GPIO_UserLED_Green' was not declared in this scope
   71 |  GPIO_UserLED_Green->on();
      |  ^~~~~~~~~~~~~~~~~~
../Core/handlers.cpp: In function 'void UsageFault_Handler()':
../Core/handlers.cpp:79:2: error: 'GPIO_UserLED_Red' was not declared in this scope
   79 |  GPIO_UserLED_Red->on();
      |  ^~~~~~~~~~~~~~~~
../Core/handlers.cpp:80:2: error: 'GPIO_UserLED_Green' was not declared in this scope
   80 |  GPIO_UserLED_Green->on();
      |  ^~~~~~~~~~~~~~~~~~
make: *** [Core/subdir.mk:38: Core/handlers.o] Error 1
"make -j8 all" terminated with exit code 2. Build might be incomplete.
00:34:41 **** Incremental Build of configuration Debug for project STM32_F429D ****
make -j8 all 
arm-none-eabi-g++ "../Core/handlers.cpp" -mcpu=cortex-m4 -std=gnu++14 -g3 -DDEBUG -DUSE_HAL_DRIVER -DSTM32F429xx -c -I../Drivers/STM32F4xx_HAL_Driver/Inc -I../Drivers/STM32F4xx_HAL_Driver/Inc/Legacy -I../Drivers/CMSIS/Device/ST/STM32F4xx/Include -I../Drivers/CMSIS/Include -I../Core -I../QA_Drivers -I../QA_Drivers/QAD_PeripheralManagers -I../QA_Systems -I../QA_Systems/QAS_Serial -I../QA_Tools -O0 -ffunction-sections -fdata-sections -fno-exceptions -fno-rtti -fno-use-cxa-atexit -Wall -fstack-usage -MMD -MP -MF"Core/handlers.d" -MT"Core/handlers.o" --specs=nano.specs -mfpu=fpv4-sp-d16 -mfloat-abi=hard -mthumb -o "Core/handlers.o"
arm-none-eabi-g++ -o "STM32_F429D.elf" @"objects.list"   -mcpu=cortex-m4 -T"C:\Users\binar\Desktop\Test429\STM32_F429D\STM32F429ZITX_FLASH.ld" --specs=nosys.specs -Wl,-Map="STM32_F429D.map" -Wl,--gc-sections -static --specs=nano.specs -mfpu=fpv4-sp-d16 -mfloat-abi=hard -mthumb -Wl,--start-group -lc -lm -lstdc++ -lsupc++ -Wl,--end-group
Finished building target: STM32_F429D.elf
 
arm-none-eabi-size   STM32_F429D.elf 
arm-none-eabi-objdump -h -S  STM32_F429D.elf  > "STM32_F429D.list"
arm-none-eabi-objcopy  -O binary  STM32_F429D.elf  "STM32_F429D.bin"
   text	   data	    bss	    dec	    hex	filename
  14844	    124	   1716	  16684	   412c	STM32_F429D.elf
Finished building: default.size.stdout
 
Finished building: STM32_F429D.bin
 
Finished building: STM32_F429D.list
 
00:34:53 **** Incremental Build of configuration Debug for project STM32_F429D ****
make -j8 all 
arm-none-eabi-size   STM32_F429D.elf 
   text	   data	    bss	    dec	    hex	filename
  14844	    124	   1716	  16684	   412c	STM32_F429D.elf
Finished building: default.size.stdout
 
00:35:43 **** Incremental Build of configuration Debug for project STM32_F429D ****
make -j8 all 
arm-none-eabi-g++ "../Core/handlers.cpp" -mcpu=cortex-m4 -std=gnu++14 -g3 -DDEBUG -DUSE_HAL_DRIVER -DSTM32F429xx -c -I../Drivers/STM32F4xx_HAL_Driver/Inc -I../Drivers/STM32F4xx_HAL_Driver/Inc/Legacy -I../Drivers/CMSIS/Device/ST/STM32F4xx/Include -I../Drivers/CMSIS/Include -I../Core -I../QA_Drivers -I../QA_Drivers/QAD_PeripheralManagers -I../QA_Systems -I../QA_Systems/QAS_Serial -I../QA_Tools -O0 -ffunction-sections -fdata-sections -fno-exceptions -fno-rtti -fno-use-cxa-atexit -Wall -fstack-usage -MMD -MP -MF"Core/handlers.d" -MT"Core/handlers.o" --specs=nano.specs -mfpu=fpv4-sp-d16 -mfloat-abi=hard -mthumb -o "Core/handlers.o"
arm-none-eabi-g++ -o "STM32_F429D.elf" @"objects.list"   -mcpu=cortex-m4 -T"C:\Users\binar\Desktop\Test429\STM32_F429D\STM32F429ZITX_FLASH.ld" --specs=nosys.specs -Wl,-Map="STM32_F429D.map" -Wl,--gc-sections -static --specs=nano.specs -mfpu=fpv4-sp-d16 -mfloat-abi=hard -mthumb -Wl,--start-group -lc -lm -lstdc++ -lsupc++ -Wl,--end-group
Finished building target: STM32_F429D.elf
 
arm-none-eabi-size   STM32_F429D.elf 
arm-none-eabi-objdump -h -S  STM32_F429D.elf  > "STM32_F429D.list"
arm-none-eabi-objcopy  -O binary  STM32_F429D.elf  "STM32_F429D.bin"
   text	   data	    bss	    dec	    hex	filename
  14900	    124	   1716	  16740	   4164	STM32_F429D.elf
Finished building: default.size.stdout
 
Finished building: STM32_F429D.bin
 
Finished building: STM32_F429D.list
 
00:46:46 **** Incremental Build of configuration Debug for project STM32_F429D ****
make -j8 all 
arm-none-eabi-g++ "../QA_Drivers/QAD_PeripheralManagers/QAD_TimerMgr.cpp" -mcpu=cortex-m4 -std=gnu++14 -g3 -DDEBUG -DUSE_HAL_DRIVER -DSTM32F429xx -c -I../Drivers/STM32F4xx_HAL_Driver/Inc -I../Drivers/STM32F4xx_HAL_Driver/Inc/Legacy -I../Drivers/CMSIS/Device/ST/STM32F4xx/Include -I../Drivers/CMSIS/Include -I../Core -I../QA_Drivers -I../QA_Drivers/QAD_PeripheralManagers -I../QA_Systems -I../QA_Systems/QAS_Serial -I../QA_Tools -O0 -ffunction-sections -fdata-sections -fno-exceptions -fno-rtti -fno-use-cxa-atexit -Wall -fstack-usage -MMD -MP -MF"QA_Drivers/QAD_PeripheralManagers/QAD_TimerMgr.d" -MT"QA_Drivers/QAD_PeripheralManagers/QAD_TimerMgr.o" --specs=nano.specs -mfpu=fpv4-sp-d16 -mfloat-abi=hard -mthumb -o "QA_Drivers/QAD_PeripheralManagers/QAD_TimerMgr.o"
arm-none-eabi-g++ "../QA_Drivers/QAD_PeripheralManagers/QAD_UARTMgr.cpp" -mcpu=cortex-m4 -std=gnu++14 -g3 -DDEBUG -DUSE_HAL_DRIVER -DSTM32F429xx -c -I../Drivers/STM32F4xx_HAL_Driver/Inc -I../Drivers/STM32F4xx_HAL_Driver/Inc/Legacy -I../Drivers/CMSIS/Device/ST/STM32F4xx/Include -I../Drivers/CMSIS/Include -I../Core -I../QA_Drivers -I../QA_Drivers/QAD_PeripheralManagers -I../QA_Systems -I../QA_Systems/QAS_Serial -I../QA_Tools -O0 -ffunction-sections -fdata-sections -fno-exceptions -fno-rtti -fno-use-cxa-atexit -Wall -fstack-usage -MMD -MP -MF"QA_Drivers/QAD_PeripheralManagers/QAD_UARTMgr.d" -MT"QA_Drivers/QAD_PeripheralManagers/QAD_UARTMgr.o" --specs=nano.specs -mfpu=fpv4-sp-d16 -mfloat-abi=hard -mthumb -o "QA_Drivers/QAD_PeripheralManagers/QAD_UARTMgr.o"
arm-none-eabi-g++ "../QA_Drivers/QAD_EXTI.cpp" -mcpu=cortex-m4 -std=gnu++14 -g3 -DDEBUG -DUSE_HAL_DRIVER -DSTM32F429xx -c -I../Drivers/STM32F4xx_HAL_Driver/Inc -I../Drivers/STM32F4xx_HAL_Driver/Inc/Legacy -I../Drivers/CMSIS/Device/ST/STM32F4xx/Include -I../Drivers/CMSIS/Include -I../Core -I../QA_Drivers -I../QA_Drivers/QAD_PeripheralManagers -I../QA_Systems -I../QA_Systems/QAS_Serial -I../QA_Tools -O0 -ffunction-sections -fdata-sections -fno-exceptions -fno-rtti -fno-use-cxa-atexit -Wall -fstack-usage -MMD -MP -MF"QA_Drivers/QAD_EXTI.d" -MT"QA_Drivers/QAD_EXTI.o" --specs=nano.specs -mfpu=fpv4-sp-d16 -mfloat-abi=hard -mthumb -o "QA_Drivers/QAD_EXTI.o"
arm-none-eabi-g++ "../QA_Drivers/QAD_GPIO.cpp" -mcpu=cortex-m4 -std=gnu++14 -g3 -DDEBUG -DUSE_HAL_DRIVER -DSTM32F429xx -c -I../Drivers/STM32F4xx_HAL_Driver/Inc -I../Drivers/STM32F4xx_HAL_Driver/Inc/Legacy -I../Drivers/CMSIS/Device/ST/STM32F4xx/Include -I../Drivers/CMSIS/Include -I../Core -I../QA_Drivers -I../QA_Drivers/QAD_PeripheralManagers -I../QA_Systems -I../QA_Systems/QAS_Serial -I../QA_Tools -O0 -ffunction-sections -fdata-sections -fno-exceptions -fno-rtti -fno-use-cxa-atexit -Wall -fstack-usage -MMD -MP -MF"QA_Drivers/QAD_GPIO.d" -MT"QA_Drivers/QAD_GPIO.o" --specs=nano.specs -mfpu=fpv4-sp-d16 -mfloat-abi=hard -mthumb -o "QA_Drivers/QAD_GPIO.o"
arm-none-eabi-g++ "../QA_Drivers/QAD_Timer.cpp" -mcpu=cortex-m4 -std=gnu++14 -g3 -DDEBUG -DUSE_HAL_DRIVER -DSTM32F429xx -c -I../Drivers/STM32F4xx_HAL_Driver/Inc -I../Drivers/STM32F4xx_HAL_Driver/Inc/Legacy -I../Drivers/CMSIS/Device/ST/STM32F4xx/Include -I../Drivers/CMSIS/Include -I../Core -I../QA_Drivers -I../QA_Drivers/QAD_PeripheralManagers -I../QA_Systems -I../QA_Systems/QAS_Serial -I../QA_Tools -O0 -ffunction-sections -fdata-sections -fno-exceptions -fno-rtti -fno-use-cxa-atexit -Wall -fstack-usage -MMD -MP -MF"QA_Drivers/QAD_Timer.d" -MT"QA_Drivers/QAD_Timer.o" --specs=nano.specs -mfpu=fpv4-sp-d16 -mfloat-abi=hard -mthumb -o "QA_Drivers/QAD_Timer.o"
arm-none-eabi-g++ "../QA_Drivers/QAD_UART.cpp" -mcpu=cortex-m4 -std=gnu++14 -g3 -DDEBUG -DUSE_HAL_DRIVER -DSTM32F429xx -c -I../Drivers/STM32F4xx_HAL_Driver/Inc -I../Drivers/STM32F4xx_HAL_Driver/Inc/Legacy -I../Drivers/CMSIS/Device/ST/STM32F4xx/Include -I../Drivers/CMSIS/Include -I../Core -I../QA_Drivers -I../QA_Drivers/QAD_PeripheralManagers -I../QA_Systems -I../QA_Systems/QAS_Serial -I../QA_Tools -O0 -ffunction-sections -fdata-sections -fno-exceptions -fno-rtti -fno-use-cxa-atexit -Wall -fstack-usage -MMD -MP -MF"QA_Drivers/QAD_UART.d" -MT"QA_Drivers/QAD_UART.o" --specs=nano.specs -mfpu=fpv4-sp-d16 -mfloat-abi=hard -mthumb -o "QA_Drivers/QAD_UART.o"
arm-none-eabi-g++ "../Core/main.cpp" -mcpu=cortex-m4 -std=gnu++14 -g3 -DDEBUG -DUSE_HAL_DRIVER -DSTM32F429xx -c -I../Drivers/STM32F4xx_HAL_Driver/Inc -I../Drivers/STM32F4xx_HAL_Driver/Inc/Legacy -I../Drivers/CMSIS/Device/ST/STM32F4xx/Include -I../Drivers/CMSIS/Include -I../Core -I../QA_Drivers -I../QA_Drivers/QAD_PeripheralManagers -I../QA_Systems -I../QA_Systems/QAS_Serial -I../QA_Tools -O0 -ffunction-sections -fdata-sections -fno-exceptions -fno-rtti -fno-use-cxa-atexit -Wall -fstack-usage -MMD -MP -MF"Core/main.d" -MT"Core/main.o" --specs=nano.specs -mfpu=fpv4-sp-d16 -mfloat-abi=hard -mthumb -o "Core/main.o"
arm-none-eabi-g++ -o "STM32_F429D.elf" @"objects.list"   -mcpu=cortex-m4 -T"C:\Users\binar\Desktop\Test429\STM32_F429D\STM32F429ZITX_FLASH.ld" --specs=nosys.specs -Wl,-Map="STM32_F429D.map" -Wl,--gc-sections -static --specs=nano.specs -mfpu=fpv4-sp-d16 -mfloat-abi=hard -mthumb -Wl,--start-group -lc -lm -lstdc++ -lsupc++ -Wl,--end-group
Finished building target: STM32_F429D.elf
 
arm-none-eabi-size   STM32_F429D.elf 
arm-none-eabi-objdump -h -S  STM32_F429D.elf  > "STM32_F429D.list"
arm-none-eabi-objcopy  -O binary  STM32_F429D.elf  "STM32_F429D.bin"
   text	   data	    bss	    dec	    hex	filename
  14896	    124	   1716	  16736	   4160	STM32_F429D.elf
Finished building: default.size.stdout
 
Finished building: STM32_F429D.bin
 
Finished building: STM32_F429D.list
 
00:50:47 **** Incremental Build of configuration Debug for project STM32_F429D ****
make -j8 all 
arm-none-eabi-g++ "../QA_Drivers/QAD_EXTI.cpp" -mcpu=cortex-m4 -std=gnu++14 -g3 -DDEBUG -DUSE_HAL_DRIVER -DSTM32F429xx -c -I../Drivers/STM32F4xx_HAL_Driver/Inc -I../Drivers/STM32F4xx_HAL_Driver/Inc/Legacy -I../Drivers/CMSIS/Device/ST/STM32F4xx/Include -I../Drivers/CMSIS/Include -I../Core -I../QA_Drivers -I../QA_Drivers/QAD_PeripheralManagers -I../QA_Systems -I../QA_Systems/QAS_Serial -I../QA_Tools -O0 -ffunction-sections -fdata-sections -fno-exceptions -fno-rtti -fno-use-cxa-atexit -Wall -fstack-usage -MMD -MP -MF"QA_Drivers/QAD_EXTI.d" -MT"QA_Drivers/QAD_EXTI.o" --specs=nano.specs -mfpu=fpv4-sp-d16 -mfloat-abi=hard -mthumb -o "QA_Drivers/QAD_EXTI.o"
arm-none-eabi-g++ "../QA_Drivers/QAD_Encoder.cpp" -mcpu=cortex-m4 -std=gnu++14 -g3 -DDEBUG -DUSE_HAL_DRIVER -DSTM32F429xx -c -I../Drivers/STM32F4xx_HAL_Driver/Inc -I../Drivers/STM32F4xx_HAL_Driver/Inc/Legacy -I../Drivers/CMSIS/Device/ST/STM32F4xx/Include -I../Drivers/CMSIS/Include -I../Core -I../QA_Drivers -I../QA_Drivers/QAD_PeripheralManagers -I../QA_Systems -I../QA_Systems/QAS_Serial -I../QA_Tools -O0 -ffunction-sections -fdata-sections -fno-exceptions -fno-rtti -fno-use-cxa-atexit -Wall -fstack-usage -MMD -MP -MF"QA_Drivers/QAD_Encoder.d" -MT"QA_Drivers/QAD_Encoder.o" --specs=nano.specs -mfpu=fpv4-sp-d16 -mfloat-abi=hard -mthumb -o "QA_Drivers/QAD_Encoder.o"
arm-none-eabi-g++ "../QA_Drivers/QAD_GPIO.cpp" -mcpu=cortex-m4 -std=gnu++14 -g3 -DDEBUG -DUSE_HAL_DRIVER -DSTM32F429xx -c -I../Drivers/STM32F4xx_HAL_Driver/Inc -I../Drivers/STM32F4xx_HAL_Driver/Inc/Legacy -I../Drivers/CMSIS/Device/ST/STM32F4xx/Include -I../Drivers/CMSIS/Include -I../Core -I../QA_Drivers -I../QA_Drivers/QAD_PeripheralManagers -I../QA_Systems -I../QA_Systems/QAS_Serial -I../QA_Tools -O0 -ffunction-sections -fdata-sections -fno-exceptions -fno-rtti -fno-use-cxa-atexit -Wall -fstack-usage -MMD -MP -MF"QA_Drivers/QAD_GPIO.d" -MT"QA_Drivers/QAD_GPIO.o" --specs=nano.specs -mfpu=fpv4-sp-d16 -mfloat-abi=hard -mthumb -o "QA_Drivers/QAD_GPIO.o"
arm-none-eabi-g++ "../QA_Drivers/QAD_Timer.cpp" -mcpu=cortex-m4 -std=gnu++14 -g3 -DDEBUG -DUSE_HAL_DRIVER -DSTM32F429xx -c -I../Drivers/STM32F4xx_HAL_Driver/Inc -I../Drivers/STM32F4xx_HAL_Driver/Inc/Legacy -I../Drivers/CMSIS/Device/ST/STM32F4xx/Include -I../Drivers/CMSIS/Include -I../Core -I../QA_Drivers -I../QA_Drivers/QAD_PeripheralManagers -I../QA_Systems -I../QA_Systems/QAS_Serial -I../QA_Tools -O0 -ffunction-sections -fdata-sections -fno-exceptions -fno-rtti -fno-use-cxa-atexit -Wall -fstack-usage -MMD -MP -MF"QA_Drivers/QAD_Timer.d" -MT"QA_Drivers/QAD_Timer.o" --specs=nano.specs -mfpu=fpv4-sp-d16 -mfloat-abi=hard -mthumb -o "QA_Drivers/QAD_Timer.o"
arm-none-eabi-g++ "../QA_Drivers/QAD_UART.cpp" -mcpu=cortex-m4 -std=gnu++14 -g3 -DDEBUG -DUSE_HAL_DRIVER -DSTM32F429xx -c -I../Drivers/STM32F4xx_HAL_Driver/Inc -I../Drivers/STM32F4xx_HAL_Driver/Inc/Legacy -I../Drivers/CMSIS/Device/ST/STM32F4xx/Include -I../Drivers/CMSIS/Include -I../Core -I../QA_Drivers -I../QA_Drivers/QAD_PeripheralManagers -I../QA_Systems -I../QA_Systems/QAS_Serial -I../QA_Tools -O0 -ffunction-sections -fdata-sections -fno-exceptions -fno-rtti -fno-use-cxa-atexit -Wall -fstack-usage -MMD -MP -MF"QA_Drivers/QAD_UART.d" -MT"QA_Drivers/QAD_UART.o" --specs=nano.specs -mfpu=fpv4-sp-d16 -mfloat-abi=hard -mthumb -o "QA_Drivers/QAD_UART.o"
arm-none-eabi-g++ -o "STM32_F429D.elf" @"objects.list"   -mcpu=cortex-m4 -T"C:\Users\binar\Desktop\Test429\STM32_F429D\STM32F429ZITX_FLASH.ld" --specs=nosys.specs -Wl,-Map="STM32_F429D.map" -Wl,--gc-sections -static --specs=nano.specs -mfpu=fpv4-sp-d16 -mfloat-abi=hard -mthumb -Wl,--start-group -lc -lm -lstdc++ -lsupc++ -Wl,--end-group
Finished building target: STM32_F429D.elf
 
arm-none-eabi-size   STM32_F429D.elf 
arm-none-eabi-objdump -h -S  STM32_F429D.elf  > "STM32_F429D.list"
arm-none-eabi-objcopy  -O binary  STM32_F429D.elf  "STM32_F429D.bin"
   text	   data	    bss	    dec	    hex	filename
  14896	    124	   1716	  16736	   4160	STM32_F429D.elf
Finished building: default.size.stdout
 
Finished building: STM32_F429D.bin
 
Finished building: STM32_F429D.list
 
00:57:45 **** Incremental Build of configuration Debug for project STM32_F429D ****
make -j8 all 
arm-none-eabi-g++ "../QA_Drivers/QAD_EXTI.cpp" -mcpu=cortex-m4 -std=gnu++14 -g3 -DDEBUG -DUSE_HAL_DRIVER -DSTM32F429xx -c -I../Drivers/STM32F4xx_HAL_Driver/Inc -I../Drivers/STM32F4xx_HAL_Driver/Inc/Legacy -I../Drivers/CMSIS/Device/ST/STM32F4xx/Include -I../Drivers/CMSIS/Include -I../Core -I../QA_Drivers -I../QA_Drivers/QAD_PeripheralManagers -I../QA_Systems -I../QA_Systems/QAS_Serial -I../QA_Tools -O0 -ffunction-sections -fdata-sections -fno-exceptions -fno-rtti -fno-use-cxa-atexit -Wall -fstack-usage -MMD -MP -MF"QA_Drivers/QAD_EXTI.d" -MT"QA_Drivers/QAD_EXTI.o" --specs=nano.specs -mfpu=fpv4-sp-d16 -mfloat-abi=hard -mthumb -o "QA_Drivers/QAD_EXTI.o"
arm-none-eabi-g++ "../QA_Drivers/QAD_Encoder.cpp" -mcpu=cortex-m4 -std=gnu++14 -g3 -DDEBUG -DUSE_HAL_DRIVER -DSTM32F429xx -c -I../Drivers/STM32F4xx_HAL_Driver/Inc -I../Drivers/STM32F4xx_HAL_Driver/Inc/Legacy -I../Drivers/CMSIS/Device/ST/STM32F4xx/Include -I../Drivers/CMSIS/Include -I../Core -I../QA_Drivers -I../QA_Drivers/QAD_PeripheralManagers -I../QA_Systems -I../QA_Systems/QAS_Serial -I../QA_Tools -O0 -ffunction-sections -fdata-sections -fno-exceptions -fno-rtti -fno-use-cxa-atexit -Wall -fstack-usage -MMD -MP -MF"QA_Drivers/QAD_Encoder.d" -MT"QA_Drivers/QAD_Encoder.o" --specs=nano.specs -mfpu=fpv4-sp-d16 -mfloat-abi=hard -mthumb -o "QA_Drivers/QAD_Encoder.o"
arm-none-eabi-g++ "../QA_Drivers/QAD_GPIO.cpp" -mcpu=cortex-m4 -std=gnu++14 -g3 -DDEBUG -DUSE_HAL_DRIVER -DSTM32F429xx -c -I../Drivers/STM32F4xx_HAL_Driver/Inc -I../Drivers/STM32F4xx_HAL_Driver/Inc/Legacy -I../Drivers/CMSIS/Device/ST/STM32F4xx/Include -I../Drivers/CMSIS/Include -I../Core -I../QA_Drivers -I../QA_Drivers/QAD_PeripheralManagers -I../QA_Systems -I../QA_Systems/QAS_Serial -I../QA_Tools -O0 -ffunction-sections -fdata-sections -fno-exceptions -fno-rtti -fno-use-cxa-atexit -Wall -fstack-usage -MMD -MP -MF"QA_Drivers/QAD_GPIO.d" -MT"QA_Drivers/QAD_GPIO.o" --specs=nano.specs -mfpu=fpv4-sp-d16 -mfloat-abi=hard -mthumb -o "QA_Drivers/QAD_GPIO.o"
arm-none-eabi-g++ "../QA_Drivers/QAD_PWM.cpp" -mcpu=cortex-m4 -std=gnu++14 -g3 -DDEBUG -DUSE_HAL_DRIVER -DSTM32F429xx -c -I../Drivers/STM32F4xx_HAL_Driver/Inc -I../Drivers/STM32F4xx_HAL_Driver/Inc/Legacy -I../Drivers/CMSIS/Device/ST/STM32F4xx/Include -I../Drivers/CMSIS/Include -I../Core -I../QA_Drivers -I../QA_Drivers/QAD_PeripheralManagers -I../QA_Systems -I../QA_Systems/QAS_Serial -I../QA_Tools -O0 -ffunction-sections -fdata-sections -fno-exceptions -fno-rtti -fno-use-cxa-atexit -Wall -fstack-usage -MMD -MP -MF"QA_Drivers/QAD_PWM.d" -MT"QA_Drivers/QAD_PWM.o" --specs=nano.specs -mfpu=fpv4-sp-d16 -mfloat-abi=hard -mthumb -o "QA_Drivers/QAD_PWM.o"
arm-none-eabi-g++ "../QA_Drivers/QAD_Timer.cpp" -mcpu=cortex-m4 -std=gnu++14 -g3 -DDEBUG -DUSE_HAL_DRIVER -DSTM32F429xx -c -I../Drivers/STM32F4xx_HAL_Driver/Inc -I../Drivers/STM32F4xx_HAL_Driver/Inc/Legacy -I../Drivers/CMSIS/Device/ST/STM32F4xx/Include -I../Drivers/CMSIS/Include -I../Core -I../QA_Drivers -I../QA_Drivers/QAD_PeripheralManagers -I../QA_Systems -I../QA_Systems/QAS_Serial -I../QA_Tools -O0 -ffunction-sections -fdata-sections -fno-exceptions -fno-rtti -fno-use-cxa-atexit -Wall -fstack-usage -MMD -MP -MF"QA_Drivers/QAD_Timer.d" -MT"QA_Drivers/QAD_Timer.o" --specs=nano.specs -mfpu=fpv4-sp-d16 -mfloat-abi=hard -mthumb -o "QA_Drivers/QAD_Timer.o"
arm-none-eabi-g++ "../QA_Drivers/QAD_UART.cpp" -mcpu=cortex-m4 -std=gnu++14 -g3 -DDEBUG -DUSE_HAL_DRIVER -DSTM32F429xx -c -I../Drivers/STM32F4xx_HAL_Driver/Inc -I../Drivers/STM32F4xx_HAL_Driver/Inc/Legacy -I../Drivers/CMSIS/Device/ST/STM32F4xx/Include -I../Drivers/CMSIS/Include -I../Core -I../QA_Drivers -I../QA_Drivers/QAD_PeripheralManagers -I../QA_Systems -I../QA_Systems/QAS_Serial -I../QA_Tools -O0 -ffunction-sections -fdata-sections -fno-exceptions -fno-rtti -fno-use-cxa-atexit -Wall -fstack-usage -MMD -MP -MF"QA_Drivers/QAD_UART.d" -MT"QA_Drivers/QAD_UART.o" --specs=nano.specs -mfpu=fpv4-sp-d16 -mfloat-abi=hard -mthumb -o "QA_Drivers/QAD_UART.o"
arm-none-eabi-g++ -o "STM32_F429D.elf" @"objects.list"   -mcpu=cortex-m4 -T"C:\Users\binar\Desktop\Test429\STM32_F429D\STM32F429ZITX_FLASH.ld" --specs=nosys.specs -Wl,-Map="STM32_F429D.map" -Wl,--gc-sections -static --specs=nano.specs -mfpu=fpv4-sp-d16 -mfloat-abi=hard -mthumb -Wl,--start-group -lc -lm -lstdc++ -lsupc++ -Wl,--end-group
Finished building target: STM32_F429D.elf
 
arm-none-eabi-size   STM32_F429D.elf 
arm-none-eabi-objdump -h -S  STM32_F429D.elf  > "STM32_F429D.list"
arm-none-eabi-objcopy  -O binary  STM32_F429D.elf  "STM32_F429D.bin"
   text	   data	    bss	    dec	    hex	filename
  14896	    124	   1716	  16736	   4160	STM32_F429D.elf
Finished building: default.size.stdout
 
Finished building: STM32_F429D.bin
 
Finished building: STM32_F429D.list
 
