00:57:45 **** Incremental Build of configuration Debug for project STM32_F429D ****
make -j8 all 
arm-none-eabi-g++ "../QA_Drivers/QAD_EXTI.cpp" -mcpu=cortex-m4 -std=gnu++14 -g3 -DDEBUG -DUSE_HAL_DRIVER -DSTM32F429xx -c -I../Drivers/STM32F4xx_HAL_Driver/Inc -I../Drivers/STM32F4xx_HAL_Driver/Inc/Legacy -I../Drivers/CMSIS/Device/ST/STM32F4xx/Include -I../Drivers/CMSIS/Include -I../Core -I../QA_Drivers -I../QA_Drivers/QAD_PeripheralManagers -I../QA_Systems -I../QA_Systems/QAS_Serial -I../QA_Tools -O0 -ffunction-sections -fdata-sections -fno-exceptions -fno-rtti -fno-use-cxa-atexit -Wall -fstack-usage -MMD -MP -MF"QA_Drivers/QAD_EXTI.d" -MT"QA_Drivers/QAD_EXTI.o" --specs=nano.specs -mfpu=fpv4-sp-d16 -mfloat-abi=hard -mthumb -o "QA_Drivers/QAD_EXTI.o"
arm-none-eabi-g++ "../QA_Drivers/QAD_Encoder.cpp" -mcpu=cortex-m4 -std=gnu++14 -g3 -DDEBUG -DUSE_HAL_DRIVER -DSTM32F429xx -c -I../Drivers/STM32F4xx_HAL_Driver/Inc -I../Drivers/STM32F4xx_HAL_Driver/Inc/Legacy -I../Drivers/CMSIS/Device/ST/STM32F4xx/Include -I../Drivers/CMSIS/Include -I../Core -I../QA_Drivers -I../QA_Drivers/QAD_PeripheralManagers -I../QA_Systems -I../QA_Systems/QAS_Serial -I../QA_Tools -O0 -ffunction-sections -fdata-sections -fno-exceptions -fno-rtti -fno-use-cxa-atexit -Wall -fstack-usage -MMD -MP -MF"QA_Drivers/QAD_Encoder.d" -MT"QA_Drivers/QAD_Encoder.o" --specs=nano.specs -mfpu=fpv4-sp-d16 -mfloat-abi=hard -mthumb -o "QA_Drivers/QAD_Encoder.o"
arm-none-eabi-g++ "../QA_Drivers/QAD_GPIO.cpp" -mcpu=cortex-m4 -std=gnu++14 -g3 -DDEBUG -DUSE_HAL_DRIVER -DSTM32F429xx -c -I../Drivers/STM32F4xx_HAL_Driver/Inc -I../Drivers/STM32F4xx_HAL_Driver/Inc/Legacy -I../Drivers/CMSIS/Device/ST/STM32F4xx/Include -I../Drivers/CMSIS/Include -I../Core -I../QA_Drivers -I../QA_Drivers/QAD_PeripheralManagers -I../QA_Systems -I../QA_Systems/QAS_Serial -I../QA_Tools -O0 -ffunction-sections -fdata-sections -fno-exceptions -fno-rtti -fno-use-cxa-atexit -Wall -fstack-usage -MMD -MP -MF"QA_Drivers/QAD_GPIO.d" -MT"QA_Drivers/QAD_GPIO.o" --specs=nano.specs -mfpu=fpv4-sp-d16 -mfloat-abi=hard -mthumb -o "QA_Drivers/QAD_GPIO.o"
arm-none-eabi-g++ "../QA_Drivers/QAD_PWM.cpp" -mcpu=cortex-m4 -std=gnu++14 -g3 -DDEBUG -DUSE_HAL_DRIVER -DSTM32F429xx -c -I../Drivers/STM32F4xx_HAL_Driver/Inc -I../Drivers/STM32F4xx_HAL_Driver/Inc/Legacy -I../Drivers/CMSIS/Device/ST/STM32F4xx/Include -I../Drivers/CMSIS/Include -I../Core -I../QA_Drivers -I../QA_Drivers/QAD_PeripheralManagers -I../QA_Systems -I../QA_Systems/QAS_Serial -I../QA_Tools -O0 -ffunction-sections -fdata-sections -fno-exceptions -fno-rtti -fno-use-cxa-atexit -Wall -fstack-usage -MMD -MP -MF"QA_Drivers/QAD_PWM.d" -MT"QA_Drivers/QAD_PWM.o" --specs=nano.specs -mfpu=fpv4-sp-d16 -mfloat-abi=hard -mthumb -o "QA_Drivers/QAD_PWM.o"
arm-none-eabi-g++ "../QA_Drivers/QAD_Timer.cpp" -mcpu=cortex-m4 -std=gnu++14 -g3 -DDEBUG -DUSE_HAL_DRIVER -DSTM32F429xx -c -I../Drivers/STM32F4xx_HAL_Driver/Inc -I../Drivers/STM32F4xx_HAL_Driver/Inc/Legacy -I../Drivers/CMSIS/Device/ST/STM32F4xx/Include -I../Drivers/CMSIS/Include -I../Core -I../QA_Drivers -I../QA_Drivers/QAD_PeripheralManagers -I../QA_Systems -I../QA_Systems/QAS_Serial -I../QA_Tools -O0 -ffunction-sections -fdata-sections -fno-exceptions -fno-rtti -fno-use-cxa-atexit -Wall -fstack-usage -MMD -MP -MF"QA_Drivers/QAD_Timer.d" -MT"QA_Drivers/QAD_Timer.o" --specs=nano.specs -mfpu=fpv4-sp-d16 -mfloat-abi=hard -mthumb -o "QA_Drivers/QAD_Timer.o"
arm-none-eabi-g++ "../QA_Drivers/QAD_UART.cpp" -mcpu=cortex-m4 -std=gnu++14 -g3 -DDEBUG -DUSE_HAL_DRIVER -DSTM32F429xx -c -I../Drivers/STM32F4xx_HAL_Driver/Inc -I../Drivers/STM32F4xx_HAL_Driver/Inc/Legacy -I../Drivers/CMSIS/Device/ST/STM32F4xx/Include -I../Drivers/CMSIS/Include -I../Core -I../QA_Drivers -I../QA_Drivers/QAD_PeripheralManagers -I../QA_Systems -I../QA_Systems/QAS_Serial -I../QA_Tools -O0 -ffunction-sections -fdata-sections -fno-exceptions -fno-rtti -fno-use-cxa-atexit -Wall -fstack-usage -MMD -MP -MF"QA_Drivers/QAD_UART.d" -MT"QA_Drivers/QAD_UART.o" --specs=nano.specs -mfpu=fpv4-sp-d16 -mfloat-abi=hard -mthumb -o "QA_Drivers/QAD_UART.o"
arm-none-eabi-g++ -o "STM32_F429D.elf" @"objects.list"   -mcpu=cortex-m4 -T"C:\Users\binar\Desktop\Test429\STM32_F429D\STM32F429ZITX_FLASH.ld" --specs=nosys.specs -Wl,-Map="STM32_F429D.map" -Wl,--gc-sections -static --specs=nano.specs -mfpu=fpv4-sp-d16 -mfloat-abi=hard -mthumb -Wl,--start-group -lc -lm -lstdc++ -lsupc++ -Wl,--end-group
Finished building target: STM32_F429D.elf
 
arm-none-eabi-size   STM32_F429D.elf 
arm-none-eabi-objdump -h -S  STM32_F429D.elf  > "STM32_F429D.list"
arm-none-eabi-objcopy  -O binary  STM32_F429D.elf  "STM32_F429D.bin"
   text	   data	    bss	    dec	    hex	filename
  14896	    124	   1716	  16736	   4160	STM32_F429D.elf
Finished building: default.size.stdout
 
Finished building: STM32_F429D.bin
 
Finished building: STM32_F429D.list
 

00:57:47 Build Finished. 0 errors, 0 warnings. (took 1s.718ms)

